## Many Metrics

|           | main ([1234567](https://github.com/owner/repo/commit/1234567890)) |
|----------:|------------------------------------------------------------------:|
| Metrics A | 1 500                                                             |
| Metrics B | 1 340                                                             |
| Metrics C | 1 600                                                             |
| Metrics D | 1 010                                                             |
| Metrics E | 1 800                                                             |
