## unnamed_metrics

|   | main ([1234567](https://github.com/owner/repo/commit/1234567890)) |
|--:|------------------------------------------------------------------:|
| A |                                                              1500 |
| B |                                                              1340 |
