<details><summary>Metadata</summary>

|        | main ([1234567](https://github.com/owner/repo/commit/1234567890)) |
|-------:|------------------------------------------------------------------:|
| goos   | darwin                                                            |
| goarch | amd64                                                             |

</details>
