## Benchmark-0

|           |  ([2345678](https://github.com/owner/repo/commit/2345678901)) |  ([1234567](https://github.com/owner/repo/commit/1234567890)) |   +/-    |
|-----------|--------------------------------------------------------------:|--------------------------------------------------------------:|---------:|
| **Count** |                                                          9393 |                                                          1000 |    -8393 |
| **ns/op** |                                                      456ns/op |                                                      676ns/op | 220ns/op |
