## Benchmark-0

|           |  ([2345678](https://github.com/owner/repo/commit/2345678901)) |  ([1234567](https://github.com/owner/repo/commit/1234567890)) |    +/-     |
|-----------|--------------------------------------------------------------:|--------------------------------------------------------------:|-----------:|
| **Count** |                                                        9393.0 |                                                        1000.0 |    -8393.0 |
| **ns/op** |                                                    456.0ns/op |                                                    676.0ns/op | 220.0ns/op |
