## Benchmark-0

|                               | main ([2345678](https://github.com/owner/repo/commit/2345678901)) | main ([1234567](https://github.com/owner/repo/commit/1234567890)) |     +/-     |
|-------------------------------|------------------------------------------------------------------:|------------------------------------------------------------------:|------------:|
| **Number of iterations**      |                                                             9 393 |                                                             1 000 |      -8 393 |
| **Nanoseconds per iteration** |                                                         456 ns/op |                                                       676,5 ns/op | 220,5 ns/op |
