## Benchmark-0

|                           | main ([1234567](https://github.com/owner/repo/commit/1234567890)) |
|--------------------------:|------------------------------------------------------------------:|
| Number of iterations      | 1 000                                                             |
| Nanoseconds per iteration | 676,5 ns/op                                                       |
