                       master (5d1e926)  master (896d3c5)    +/-    
--------------------------------------------------------------------
  [1mCoverage[0m                        38.8%             68.4%   [1;32m+29.6%[0m  
    Files                           335                31     -304  
    Lines                          6043              2857    -3186  
    Covered                        2347              1957     -390  
  [1mCode to Test Ratio[0m              1:0.0             1:0.5     [1;32m+0.5[0m  
    Code                         947827              7202  -940625  
    Test                           2757              3704     +947  
  [1mTest Execution Time[0m                 -             4m40s   [1;31m+4m40s[0m  
