|                     | [main](https://github.com/k1LoW/octocov/tree/main) ([5d1e926](https://github.com/k1LoW/octocov/commit/5d1e926b41be6660d138ba73846c29e42784b473)) | [main](https://github.com/k1LoW/octocov/tree/main) ([896d3c5](https://github.com/k1LoW/octocov/commit/896d3c59e6595e582eedbc7d7a05b4922ea88064)) |  +/-   |
|---------------------|-------------------------------------------------------------------------------------------------------------------------------------------------:|-------------------------------------------------------------------------------------------------------------------------------------------------:|-------:|
| **Coverage**        |                                                                                                                                            77.7% |                                                                                                                                            77.7% |   0.0% |
| **Branch Coverage** |                                                                                                                                                - |                                                                                                                                            50.0% | +50.0% |

<details>

<summary>Details</summary>

``` diff
  |                 | main (5d1e926) | main (896d3c5) |  +/-   |
  |-----------------|----------------|----------------|--------|
  | Coverage        |          77.7% |          77.7% |   0.0% |
  |   Files         |              2 |              2 |      0 |
  |   Lines         |              9 |              9 |      0 |
  |   Covered       |              7 |              7 |      0 |
+ | Branch Coverage |              - |          50.0% | +50.0% |
```

</details>
