                       master (896d3c5)  
-----------------------------------------
  [1mCoverage[0m                        68.4%  
    Files                            31  
    Lines                          2857  
    Covered                        1957  
  [1mCode to Test Ratio[0m              1:0.5  
    Code                           7202  
    Test                           3704  
  [1mTest Execution Time[0m             4m40s  
