                   main (896d3c5)  
-----------------------------------
  [1mCoverage[0m                  77.7%  
    Files                       2  
    Lines                       9  
    Covered                     7  
  [1mBranch Coverage[0m           50.0%  
    Branches                    6  
    Covered                     3  
